{
  "Kind": "SingleResult",
  "Label": null,
  "Path": null,
  "Data": {
    "registrations": {
      "nodes": []
    }
  },
  "Items": null,
  "Errors": null,
  "Extensions": null,
  "Incremental": null,
  "ContextData": null,
  "HasNext": null
}
